Compiling /Users/nouo/github/jsbin/test/bootstrap_features.js -> /Users/nouo/github/jsbin/build_x64/bootstrap_features (macos-x64, executable)
Successfully compiled: /Users/nouo/github/jsbin/build_x64/bootstrap_features
